#1
_program
  #1
  _class: Complicated
    #2
    _field: a
    type: boolean
    value:
      #2
      _boolean
        true
    #3
    _field: b
    type: boolean
    value:
      #3
      _boolean
        false
    #4
    _field: c
    type: boolean
    value:
      #4
      _boolean
        true
    #6
    _method: complex
    return_type: boolean
      #7
      _if
      condition:
        #7
        _binaryOp:
        operation: &&
        op_left:
          #7
          _varref: a
        op_right:
          #7
          _varref: b
      then:
        #8
        _return
        value:
          #8
          _binaryOp:
          operation: &&
          op_left:
            #8
            _varref: a
          op_right:
            #8
            _varref: b
      else:
        #9
        _if
        condition:
          #9
          _binaryOp:
          operation: ||
          op_left:
            #9
            _varref: a
          op_right:
            #9
            _varref: b
        then:
          #10
          _return
          value:
            #10
            _binaryOp:
            operation: ||
            op_left:
              #10
              _varref: a
            op_right:
              #10
              _varref: b
        else:
          #11
          _if
          condition:
            #11
            _binaryOp:
            operation: ||
            op_left:
              #11
              _varref: a
            op_right:
              #11
              _binaryOp:
              operation: &&
              op_left:
                #11
                _varref: b
              op_right:
                #11
                _varref: c
          then:
            #12
            _return
            value:
              #12
              _binaryOp:
              operation: ||
              op_left:
                #12
                _varref: a
              op_right:
                #12
                _binaryOp:
                operation: &&
                op_left:
                  #12
                  _varref: b
                op_right:
                  #12
                  _varref: c
          else:
            #13
            _if
            condition:
              #13
              _binaryOp:
              operation: &&
              op_left:
                #13
                _binaryOp:
                operation: ||
                op_left:
                  #13
                  _varref: a
                op_right:
                  #13
                  _varref: c
              op_right:
                #13
                _binaryOp:
                operation: ||
                op_left:
                  #13
                  _varref: b
                op_right:
                  #13
                  _varref: c
            then:
              #14
              _return
              value:
                #14
                _binaryOp:
                operation: &&
                op_left:
                  #14
                  _binaryOp:
                  operation: ||
                  op_left:
                    #14
                    _varref: a
                  op_right:
                    #14
                    _varref: c
                op_right:
                  #14
                  _binaryOp:
                  operation: ||
                  op_left:
                    #14
                    _varref: b
                  op_right:
                    #14
                    _varref: c
            else:
              #15
              _if
              condition:
                #15
                _binaryOp:
                operation: ||
                op_left:
                  #15
                  _varref: a
                op_right:
                  #15
                  _binaryOp:
                  operation: ||
                  op_left:
                    #15
                    _varref: b
                  op_right:
                    #15
                    _varref: c
              then:
                #16
                _return
                value:
                  #16
                  _binaryOp:
                  operation: ||
                  op_left:
                    #16
                    _varref: a
                  op_right:
                    #16
                    _binaryOp:
                    operation: ||
                    op_left:
                      #16
                      _varref: b
                    op_right:
                      #16
                      _varref: c
              else:
                #18
                _return
                value:
                  #18
                  _binaryOp:
                  operation: ||
                  op_left:
                    #18
                    _binaryOp:
                    operation: &&
                    op_left:
                      #18
                      _varref: a
                    op_right:
                      #18
                      _varref: b
                  op_right:
                    #18
                    _varref: c