#name "9_class_with_methods.java"
#1 PUBLIC
#1 CLASS
#1 ID foo
#1 '{'
#2 PRIVATE
#2 INT
#2 ID bar
#2 '='
#2 INT_CONST 0
#2 ';'
#3 PRIVATE
#3 BOOLEAN
#3 ID baz
#3 '='
#3 TRUE
#3 ';'
#4 PUBLIC
#4 STATIC
#4 BOOLEAN
#4 ID qux
#4 '('
#4 INT
#4 ID other_bar
#4 ')'
#4 '{'
#5 IF
#5 '('
#5 ID bar
#5 NEQ
#5 ID other_bar
#5 ')'
#5 '{'
#6 RETURN
#6 ID baz
#6 ';'
#7 '}'
#8 RETURN
#8 NOT
#8 ID baz
#8 ';'
#9 '}'
#10 '}'